container_started
uid=65534(nobody) gid=65534(nogroup) groups=65534(nogroup)
network=host_justified_after_bridge_refusal
* daemon not running; starting now at tcp:5038
* daemon started successfully
connected to 192.168.122.79:5555
device
13
package:/data/app/~~JMYGNwn8WLw2PBhv3IAbtA==/com.global.ztmslg-F0Z7XAexZ4J6SWRmRXQXxw==/base.apk
package:/data/app/~~JMYGNwn8WLw2PBhv3IAbtA==/com.global.ztmslg-F0Z7XAexZ4J6SWRmRXQXxw==/split_abPack1.apk
package:/data/app/~~JMYGNwn8WLw2PBhv3IAbtA==/com.global.ztmslg-F0Z7XAexZ4J6SWRmRXQXxw==/split_config.arm64_v8a.apk
package:/data/app/~~JMYGNwn8WLw2PBhv3IAbtA==/com.global.ztmslg-F0Z7XAexZ4J6SWRmRXQXxw==/split_gpdeku.apk
package:/data/app/~~JMYGNwn8WLw2PBhv3IAbtA==/com.global.ztmslg-F0Z7XAexZ4J6SWRmRXQXxw==/split_gpdeku.config.arm64_v8a.apk
Starting: Intent { cmp=com.games37.sdk/.AtlasPluginDemoActivity }
Error type 3
Error: Activity class {com.games37.sdk/com.games37.sdk.AtlasPluginDemoActivity} does not exist.
ACTIVITY MANAGER ACTIVITIES (dumpsys activity activities)
Display #0 (activities from top to bottom):
  * Task{d87b3bd #132 type=standard A=10264:com.farmerbb.taskbar U=0 visible=true visibleRequested=true mode=fullscreen translucent=false sz=1}
    mLastPausedActivity: ActivityRecord{e950f14 u0 com.farmerbb.taskbar/.activity.HomeActivityDelegate} t132}
    mLastNonFullscreenBounds=Rect(194, 274 - 606, 1006)
    isSleeping=false
    topResumedActivity=ActivityRecord{e950f14 u0 com.farmerbb.taskbar/.activity.HomeActivityDelegate} t132}
    * Hist  #0: ActivityRecord{e950f14 u0 com.farmerbb.taskbar/.activity.HomeActivityDelegate} t132}
      packageName=com.farmerbb.taskbar processName=com.farmerbb.taskbar
      launchedFromUid=10257 launchedFromPackage=com.farmerbb.taskbar.support launchedFromFeature=null userId=0
      app=ProcessRecord{36d0657 2179:com.farmerbb.taskbar/u0a264}
      Intent { act=android.intent.action.MAIN flg=0x10000000 cmp=com.farmerbb.taskbar/.activity.HomeActivityDelegate }
      rootOfTask=true task=Task{d87b3bd #132 type=standard A=10264:com.farmerbb.taskbar}
      taskAffinity=10264:com.farmerbb.taskbar
      mActivityComponent=com.farmerbb.taskbar/.activity.HomeActivityDelegate
      baseDir=/system/system_ext/priv-app/com.farmerbb.taskbar/com.farmerbb.taskbar.apk
      dataDir=/data/user/0/com.farmerbb.taskbar
      stateNotNeeded=false componentSpecified=false mActivityType=standard
      compat={160dpi always-compat} labelRes=0x7f1000a3 icon=0x7f0e0001 theme=0x7f110133
      mLastReportedConfigurations:
        mGlobalConfig={1.0 ?mcc?mnc [en_US] ldltr sw800dp w800dp h1224dp 160dpi xlrg port night -touch qwerty/v/v -nav/h winConfig={ mBounds=Rect(0, 0 - 800, 1280) mAppBounds=Rect(0, 0 - 800, 1248) mMaxBounds=Rect(0, 0 - 800, 1280) mDisplayRotation=ROTATION_0 mWindowingMode=fullscreen mDisplayWindowingMode=fullscreen mActivityType=undefined mAlwaysOnTop=undefined mRotation=ROTATION_0} as.2 s.67 fontWeightAdjustment=0}
        mOverrideConfig={1.0 ?mcc?mnc [en_US] ldltr sw800dp w800dp h1224dp 160dpi xlrg port night -touch qwerty/v/v -nav/h winConfig={ mBounds=Rect(0, 0 - 800, 1280) mAppBounds=Rect(0, 0 - 800, 1248) mMaxBounds=Rect(0, 0 - 800, 1280) mDisplayRotation=ROTATION_0 mWindowingMode=fullscreen mDisplayWindowingMode=fullscreen mActivityType=standard mAlwaysOnTop=undefined mRotation=ROTATION_0} as.2 s.3 fontWeightAdjustment=0}
      CurrentConfiguration={1.0 ?mcc?mnc [en_US] ldltr sw800dp w800dp h1224dp 160dpi xlrg port night -touch qwerty/v/v -nav/h winConfig={ mBounds=Rect(0, 0 - 800, 1280) mAppBounds=Rect(0, 0 - 800, 1248) mMaxBounds=Rect(0, 0 - 800, 1280) mDisplayRotation=ROTATION_0 mWindowingMode=fullscreen mDisplayWindowingMode=fullscreen mActivityType=standard mAlwaysOnTop=undefined mRotation=ROTATION_0} as.2 s.3 fontWeightAdjustment=0}
      taskDescription: label="null" icon=null iconResource=/0 iconFilename=null primaryColor=ff212121
        backgroundColor=ff303030 statusBarColor=0 navigationBarColor=0
       backgroundColorFloating=ff424242
      launchFailed=false launchCount=0 lastLaunchTime=-19h8m29s815ms
      mHaveState=false mIcicle=null
      state=RESUMED stopped=false delayedResume=false finishing=false
      keysPaused=false inHistory=true idle=true
      occludesParent=true noDisplay=false immersive=false launchMode=2
      frozenBeforeDestroy=false forceNewConfig=false
      mActivityType=standard
      mImeInsetsFrozenUntilStartInput=false
      windows=[Window{e738ac7 u0 com.farmerbb.taskbar/com.farmerbb.taskbar.activity.HomeActivityDelegate}]
      windowType=2
      mOccludesParent=true
      overrideOrientation=SCREEN_ORIENTATION_UNSPECIFIED
      requestedOrientation=SCREEN_ORIENTATION_UNSPECIFIED
      mVisibleRequested=true mVisible=true mClientVisible=true reportedDrawn=true reportedVisible=true
      mNumInterestingWindows=1 mNumDrawnWindows=1 allDrawn=true lastAllDrawn=true)
      startingData=null firstWindowDrawn=true mIsExiting=false
      nowVisible=true lastVisibleTime=-29m30s353ms
      resizeMode=RESIZE_MODE_RESIZEABLE_VIA_SDK_VERSION
      mLastReportedMultiWindowMode=false mLastReportedPictureInPictureMode=false
      supportsSizeChanges=SIZE_CHANGES_UNSUPPORTED_METADATA
      configChanges=0x3
      neverSandboxDisplayApis=false
      alwaysSandboxDisplayApis=false
      areBoundsLetterboxed=false
      mCameraCompatControlState=hidden
      mCameraCompatControlEnabled=false

  * Task{5ec2653 #3 type=undefined U=0 visible=false visibleRequested=false mode=fullscreen translucent=true sz=2}
    mCreatedByOrganizer=true
    * Task{9a7348e #5 type=undefined U=0 rootTaskId=3 visible=false visibleRequested=false mode=multi-window translucent=true sz=0}
      mBounds=Rect(0, 1280 - 800, 1920)
      mCreatedByOrganizer=true
      isSleeping=false
    * Task{74bbc89 #4 type=undefined U=0 rootTaskId=3 visible=false visibleRequested=false mode=multi-window translucent=true sz=0}
      mCreatedByOrganizer=true
      isSleeping=false

  Resumed activities in task display areas (from top to bottom):
    Resumed: ActivityRecord{e950f14 u0 com.farmerbb.taskbar/.activity.HomeActivityDelegate} t132}

  ResumedActivity: ActivityRecord{e950f14 u0 com.farmerbb.taskbar/.activity.HomeActivityDelegate} t132}

ActivityTaskSupervisor state:
  topDisplayFocusedRootTask=Task{d87b3bd #132 type=standard A=10264:com.farmerbb.taskbar}
  Display: mDisplayId=0 (organized)
    init=1280x800 160dpi mMinSizeOfResizeableTaskDp=220 base=800x1280 160dpi cur=800x1280 app=800x1248 rng=800x744-1280x1224
    deferred=false mLayoutNeeded=false mTouchExcludeRegion=SkRegion((0,0,800,1280))

  mLastOrientationSource=WindowedMagnification:0:31@44418574
  deepestLastOrientationSource=ActivityRecord{e950f14 u0 com.farmerbb.taskbar/.activity.HomeActivityDelegate} t132}
  overrideConfig={1.0 ?mcc?mnc [en_US] ldltr sw800dp w800dp h1224dp 160dpi xlrg port night -touch qwerty/v/v -nav/h winConfig={ mBounds=Rect(0, 0 - 800, 1280) mAppBounds=Rect(0, 0 - 800, 1248) mMaxBounds=Rect(0, 0 - 800, 1280) mDisplayRotation=ROTATION_0 mWindowingMode=fullscreen mDisplayWindowingMode=fullscreen mActivityType=undefined mAlwaysOnTop=undefined mRotation=ROTATION_0} as.2 s.67 fontWeightAdjustment=0}
  mLayoutSeq=367
  mCurrentFocus=Window{e738ac7 u0 com.farmerbb.taskbar/com.farmerbb.taskbar.activity.HomeActivityDelegate}
  mFocusedApp=ActivityRecord{e950f14 u0 com.farmerbb.taskbar/.activity.HomeActivityDelegate} t132}
disconnected everything
container_complete
