#0 building with "default" instance using docker driver

#1 [internal] load build definition from Dockerfile
#1 transferring dockerfile: 341B done
#1 DONE 0.0s

#2 [internal] load metadata for docker.io/library/monarch-gpt-wrapper-api:latest
#2 DONE 0.0s

#3 [internal] load .dockerignore
#3 transferring context: 2B done
#3 DONE 0.0s

#4 [1/2] FROM docker.io/library/monarch-gpt-wrapper-api:latest
#4 DONE 0.0s

#5 [2/2] RUN apt-get update     && apt-get install -y --no-install-recommends tesseract-ocr     && rm -rf /var/lib/apt/lists/*     && python -m pip install --no-cache-dir         numpy==2.1.3         opencv-python-headless==4.10.0.84         pytesseract==0.3.13
#5 0.131 Reading package lists...
#5 0.139 E: Could not open lock file /var/lib/apt/lists/lock - open (13: Permission denied)
#5 0.139 E: Unable to lock directory /var/lib/apt/lists/
#5 ERROR: process "/bin/sh -c apt-get update     && apt-get install -y --no-install-recommends tesseract-ocr     && rm -rf /var/lib/apt/lists/*     && python -m pip install --no-cache-dir         numpy==2.1.3         opencv-python-headless==4.10.0.84         pytesseract==0.3.13" did not complete successfully: exit code: 100
------
 > [2/2] RUN apt-get update     && apt-get install -y --no-install-recommends tesseract-ocr     && rm -rf /var/lib/apt/lists/*     && python -m pip install --no-cache-dir         numpy==2.1.3         opencv-python-headless==4.10.0.84         pytesseract==0.3.13:

0.139 E: Could not open lock file /var/lib/apt/lists/lock - open (13: Permission denied)
0.139 E: Unable to lock directory /var/lib/apt/lists/
------
Dockerfile:3
--------------------
   2 |     
   3 | >>> RUN apt-get update \
   4 | >>>     && apt-get install -y --no-install-recommends tesseract-ocr \
   5 | >>>     && rm -rf /var/lib/apt/lists/* \
   6 | >>>     && python -m pip install --no-cache-dir \
   7 | >>>         numpy==2.1.3 \
   8 | >>>         opencv-python-headless==4.10.0.84 \
   9 | >>>         pytesseract==0.3.13
  10 |     
--------------------
ERROR: failed to solve: process "/bin/sh -c apt-get update     && apt-get install -y --no-install-recommends tesseract-ocr     && rm -rf /var/lib/apt/lists/*     && python -m pip install --no-cache-dir         numpy==2.1.3         opencv-python-headless==4.10.0.84         pytesseract==0.3.13" did not complete successfully: exit code: 100
